// Jest Snapshot v1, https://goo.gl/fbAQLP

exports[`Left Menu Renders should match the snapshot 1`] = `ReactWrapper {}`;
