// Jest Snapshot v1, https://goo.gl/fbAQLP

exports[`ActivityFeed list test cases should match the snapshot 1`] = `ReactWrapper {}`;
