// Jest Snapshot v1, https://goo.gl/fbAQLP

exports[`Project Approval Form tests should match the snapshot 1`] = `ShallowWrapper {}`;
