// Jest Snapshot v1, https://goo.gl/fbAQLP

exports[`PdsFormButton Renders should match the snapshot 1`] = `ReactWrapper {}`;
