// Jest Snapshot v1, https://goo.gl/fbAQLP

exports[`PageBtnActions should render 1`] = `null`;
