// Jest Snapshot v1, https://goo.gl/fbAQLP

exports[`Preliminary items form component test cases should match the snapshot 1`] = `undefined`;
