// Jest Snapshot v1, https://goo.gl/fbAQLP

exports[`Preliminary Items Form Form testCases should match the snapshot 1`] = `ReactWrapper {}`;
