// Jest Snapshot v1, https://goo.gl/fbAQLP

exports[`Preliminary Components Form test cases should match the snapshot 1`] = `ReactWrapper {}`;
