// Jest Snapshot v1, https://goo.gl/fbAQLP

exports[`DataGrid Table tests should match the snapshot 1`] = `ReactWrapper {}`;
