// Jest Snapshot v1, https://goo.gl/fbAQLP

exports[`Discount Sub Contractor Form tests should match the snapshot 1`] = `ShallowWrapper {}`;
