// Jest Snapshot v1, https://goo.gl/fbAQLP

exports[`Discount component test cases should match the snapshot 1`] = `ReactWrapper {}`;
