// Jest Snapshot v1, https://goo.gl/fbAQLP

exports[`Error boundary test cases should match the snapshot 1`] = `ReactWrapper {}`;
