// Jest Snapshot v1, https://goo.gl/fbAQLP

exports[`calculation summary component tests should match the snapshot 1`] = `undefined`;
