// Jest Snapshot v1, https://goo.gl/fbAQLP

exports[`Sub Contractor Quote Form component tests should match the snapshot 1`] = `ShallowWrapper {}`;
