// Jest Snapshot v1, https://goo.gl/fbAQLP

exports[`Sub Contractor Activity Form tests should match the snapshot 1`] = `ReactWrapper {}`;
