// Jest Snapshot v1, https://goo.gl/fbAQLP

exports[`Insurance rate HOC test cases should match the snapshot 1`] = `ReactWrapper {}`;
