// Jest Snapshot v1, https://goo.gl/fbAQLP

exports[`ReactDates test cases Should match the snapshot 1`] = `undefined`;
