// Jest Snapshot v1, https://goo.gl/fbAQLP

exports[`Project Summary componenet should match the snapshot 1`] = `ShallowWrapper {}`;
