// Jest Snapshot v1, https://goo.gl/fbAQLP

exports[`card tile component should match the snapshot 1`] = `ShallowWrapper {}`;
