// Jest Snapshot v1, https://goo.gl/fbAQLP

exports[`review and approve component test cases should match the snapshot 1`] = `ShallowWrapper {}`;
